loaded 165688 d labels (perstep_max_m) from per_pair_overlap_l2.csv
loaded 144446 rows from 224 chunks, d_column=perstep_max_m, 1118 scenarios
redundancy downsample: train 101036 -> 89001
d_column=perstep_max_m, hard_threshold(P90)=2.6505, level_edges=[0.5247, 1.3285, 2.6505]
enabled groups: ['ego_history', 'neighbor_agents', 'prev_d'], params: 0.103 M
epoch   1 loss=0.2688 val_spearman=0.7003 val_auroc=0.7990 (0.0 min)
epoch   2 loss=0.2619 val_spearman=0.7029 val_auroc=0.8005 (0.1 min)
epoch   3 loss=0.2601 val_spearman=0.7035 val_auroc=0.7999 (0.1 min)
epoch   4 loss=0.2579 val_spearman=0.7018 val_auroc=0.8023 (0.1 min)
epoch   5 loss=0.2562 val_spearman=0.7036 val_auroc=0.8047 (0.2 min)
epoch   6 loss=0.2566 val_spearman=0.7076 val_auroc=0.8061 (0.2 min)
epoch   7 loss=0.2545 val_spearman=0.7076 val_auroc=0.8090 (0.2 min)
epoch   8 loss=0.2544 val_spearman=0.7043 val_auroc=0.8052 (0.3 min)
epoch   9 loss=0.2532 val_spearman=0.7033 val_auroc=0.8043 (0.3 min)
epoch  10 loss=0.2523 val_spearman=0.7015 val_auroc=0.8033 (0.3 min)
epoch  11 loss=0.2508 val_spearman=0.7034 val_auroc=0.8054 (0.3 min)
epoch  12 loss=0.2509 val_spearman=0.6986 val_auroc=0.7996 (0.4 min)
epoch  13 loss=0.2495 val_spearman=0.7022 val_auroc=0.8032 (0.4 min)
epoch  14 loss=0.2494 val_spearman=0.7016 val_auroc=0.8031 (0.4 min)
epoch  15 loss=0.2475 val_spearman=0.7011 val_auroc=0.8009 (0.5 min)
epoch  16 loss=0.2475 val_spearman=0.7013 val_auroc=0.8001 (0.5 min)
epoch  17 loss=0.2468 val_spearman=0.6993 val_auroc=0.8025 (0.5 min)
epoch  18 loss=0.2461 val_spearman=0.6957 val_auroc=0.7967 (0.6 min)
epoch  19 loss=0.2454 val_spearman=0.6969 val_auroc=0.8004 (0.6 min)
epoch  20 loss=0.2441 val_spearman=0.6988 val_auroc=0.8011 (0.6 min)
epoch  21 loss=0.2439 val_spearman=0.7003 val_auroc=0.8002 (0.7 min)
epoch  22 loss=0.2429 val_spearman=0.6980 val_auroc=0.8012 (0.7 min)
epoch  23 loss=0.2421 val_spearman=0.6963 val_auroc=0.7978 (0.7 min)
epoch  24 loss=0.2425 val_spearman=0.6945 val_auroc=0.7967 (0.8 min)
epoch  25 loss=0.2413 val_spearman=0.6926 val_auroc=0.7929 (0.8 min)
epoch  26 loss=0.2409 val_spearman=0.6944 val_auroc=0.7964 (0.8 min)
epoch  27 loss=0.2402 val_spearman=0.6980 val_auroc=0.7973 (0.8 min)
epoch  28 loss=0.2407 val_spearman=0.6950 val_auroc=0.7962 (0.9 min)
epoch  29 loss=0.2391 val_spearman=0.6956 val_auroc=0.7955 (0.9 min)
epoch  30 loss=0.2395 val_spearman=0.6902 val_auroc=0.7915 (0.9 min)
epoch  31 loss=0.2379 val_spearman=0.6921 val_auroc=0.7924 (1.0 min)
epoch  32 loss=0.2385 val_spearman=0.6964 val_auroc=0.7968 (1.0 min)
epoch  33 loss=0.2381 val_spearman=0.6925 val_auroc=0.7931 (1.0 min)
epoch  34 loss=0.2370 val_spearman=0.6927 val_auroc=0.7942 (1.1 min)
epoch  35 loss=0.2372 val_spearman=0.6929 val_auroc=0.7938 (1.1 min)
epoch  36 loss=0.2371 val_spearman=0.6913 val_auroc=0.7934 (1.1 min)
epoch  37 loss=0.2365 val_spearman=0.6905 val_auroc=0.7923 (1.2 min)
epoch  38 loss=0.2369 val_spearman=0.6910 val_auroc=0.7929 (1.2 min)
epoch  39 loss=0.2366 val_spearman=0.6905 val_auroc=0.7925 (1.2 min)
epoch  40 loss=0.2362 val_spearman=0.6911 val_auroc=0.7928 (1.3 min)
best epoch = 7, val_spearman = 0.7076
wrote 0hzxcode/gate_v2_output/runs/ego_nbr_prevd/metrics.json, decision_metrics.json, decision_report.md
