loaded 165688 d labels (perstep_max_m) from per_pair_overlap_l2.csv
loaded 144446 rows from 224 chunks, d_column=perstep_max_m, 1118 scenarios
redundancy downsample: train 101036 -> 89001
d_column=perstep_max_m, hard_threshold(P90)=2.6505, level_edges=[0.5247, 1.3285, 2.6505]
enabled groups: ['ego_history', 'neighbor_agents'], params: 0.092 M
epoch   1 loss=0.3116 val_spearman=0.5740 val_auroc=0.6517 (0.0 min)
epoch   2 loss=0.3007 val_spearman=0.5581 val_auroc=0.6522 (0.1 min)
epoch   3 loss=0.2955 val_spearman=0.5744 val_auroc=0.6620 (0.1 min)
epoch   4 loss=0.2919 val_spearman=0.5690 val_auroc=0.6717 (0.1 min)
epoch   5 loss=0.2884 val_spearman=0.5850 val_auroc=0.6738 (0.1 min)
epoch   6 loss=0.2857 val_spearman=0.5843 val_auroc=0.6826 (0.2 min)
epoch   7 loss=0.2837 val_spearman=0.5763 val_auroc=0.6837 (0.2 min)
epoch   8 loss=0.2819 val_spearman=0.5696 val_auroc=0.6721 (0.2 min)
epoch   9 loss=0.2803 val_spearman=0.5763 val_auroc=0.6808 (0.3 min)
epoch  10 loss=0.2779 val_spearman=0.5711 val_auroc=0.6752 (0.3 min)
epoch  11 loss=0.2758 val_spearman=0.5771 val_auroc=0.6736 (0.3 min)
epoch  12 loss=0.2750 val_spearman=0.5784 val_auroc=0.6785 (0.3 min)
epoch  13 loss=0.2731 val_spearman=0.5672 val_auroc=0.6798 (0.4 min)
epoch  14 loss=0.2714 val_spearman=0.5880 val_auroc=0.6783 (0.4 min)
epoch  15 loss=0.2709 val_spearman=0.5842 val_auroc=0.6764 (0.4 min)
epoch  16 loss=0.2696 val_spearman=0.5780 val_auroc=0.6847 (0.5 min)
epoch  17 loss=0.2699 val_spearman=0.5774 val_auroc=0.6853 (0.5 min)
epoch  18 loss=0.2668 val_spearman=0.5761 val_auroc=0.6931 (0.5 min)
epoch  19 loss=0.2661 val_spearman=0.5721 val_auroc=0.6828 (0.5 min)
epoch  20 loss=0.2646 val_spearman=0.5844 val_auroc=0.6916 (0.6 min)
epoch  21 loss=0.2638 val_spearman=0.5745 val_auroc=0.6860 (0.6 min)
epoch  22 loss=0.2631 val_spearman=0.5794 val_auroc=0.6894 (0.6 min)
epoch  23 loss=0.2624 val_spearman=0.5718 val_auroc=0.6839 (0.7 min)
epoch  24 loss=0.2605 val_spearman=0.5638 val_auroc=0.6818 (0.7 min)
epoch  25 loss=0.2606 val_spearman=0.5832 val_auroc=0.6915 (0.7 min)
epoch  26 loss=0.2595 val_spearman=0.5770 val_auroc=0.6870 (0.8 min)
epoch  27 loss=0.2577 val_spearman=0.5756 val_auroc=0.6892 (0.8 min)
epoch  28 loss=0.2579 val_spearman=0.5728 val_auroc=0.6946 (0.8 min)
epoch  29 loss=0.2574 val_spearman=0.5833 val_auroc=0.6918 (0.8 min)
epoch  30 loss=0.2558 val_spearman=0.5873 val_auroc=0.6943 (0.9 min)
epoch  31 loss=0.2555 val_spearman=0.5774 val_auroc=0.6908 (0.9 min)
epoch  32 loss=0.2547 val_spearman=0.5777 val_auroc=0.6878 (0.9 min)
epoch  33 loss=0.2549 val_spearman=0.5716 val_auroc=0.6884 (1.0 min)
epoch  34 loss=0.2536 val_spearman=0.5750 val_auroc=0.6939 (1.0 min)
epoch  35 loss=0.2533 val_spearman=0.5788 val_auroc=0.6915 (1.0 min)
epoch  36 loss=0.2533 val_spearman=0.5702 val_auroc=0.6895 (1.0 min)
epoch  37 loss=0.2532 val_spearman=0.5769 val_auroc=0.6901 (1.1 min)
epoch  38 loss=0.2527 val_spearman=0.5770 val_auroc=0.6908 (1.1 min)
epoch  39 loss=0.2518 val_spearman=0.5747 val_auroc=0.6906 (1.1 min)
epoch  40 loss=0.2519 val_spearman=0.5760 val_auroc=0.6906 (1.1 min)
best epoch = 14, val_spearman = 0.5880
wrote 0hzxcode/gate_v2_output/runs/ego_nbr_perstep/metrics.json, decision_metrics.json, decision_report.md
