loaded 165688 d labels (normalized_l2_xy) from per_pair_overlap_l2.csv
loaded 144446 rows from 224 chunks, d_column=normalized_l2_xy, 1118 scenarios
redundancy downsample: train 101036 -> 89001
d_column=normalized_l2_xy, hard_threshold(P90)=1.4290, level_edges=[0.2926, 0.7244, 1.429]
enabled groups: ['ego_history', 'neighbor_agents'], params: 0.092 M
epoch   1 loss=0.2979 val_spearman=0.5814 val_auroc=0.6841 (0.0 min)
epoch   2 loss=0.2884 val_spearman=0.5689 val_auroc=0.6881 (0.1 min)
epoch   3 loss=0.2844 val_spearman=0.5903 val_auroc=0.6940 (0.1 min)
epoch   4 loss=0.2812 val_spearman=0.5861 val_auroc=0.7029 (0.1 min)
epoch   5 loss=0.2782 val_spearman=0.5991 val_auroc=0.7086 (0.1 min)
epoch   6 loss=0.2765 val_spearman=0.6013 val_auroc=0.7150 (0.2 min)
epoch   7 loss=0.2743 val_spearman=0.5713 val_auroc=0.7013 (0.2 min)
epoch   8 loss=0.2727 val_spearman=0.5841 val_auroc=0.7048 (0.2 min)
epoch   9 loss=0.2715 val_spearman=0.5892 val_auroc=0.7145 (0.3 min)
epoch  10 loss=0.2695 val_spearman=0.5917 val_auroc=0.7196 (0.3 min)
epoch  11 loss=0.2673 val_spearman=0.5736 val_auroc=0.7059 (0.3 min)
epoch  12 loss=0.2667 val_spearman=0.5893 val_auroc=0.7183 (0.4 min)
epoch  13 loss=0.2649 val_spearman=0.5774 val_auroc=0.7114 (0.4 min)
epoch  14 loss=0.2632 val_spearman=0.5924 val_auroc=0.7125 (0.4 min)
epoch  15 loss=0.2623 val_spearman=0.5819 val_auroc=0.7153 (0.4 min)
epoch  16 loss=0.2616 val_spearman=0.5706 val_auroc=0.7147 (0.5 min)
epoch  17 loss=0.2617 val_spearman=0.5903 val_auroc=0.7238 (0.5 min)
epoch  18 loss=0.2589 val_spearman=0.5645 val_auroc=0.7107 (0.5 min)
epoch  19 loss=0.2574 val_spearman=0.5730 val_auroc=0.7133 (0.6 min)
epoch  20 loss=0.2568 val_spearman=0.5856 val_auroc=0.7138 (0.6 min)
epoch  21 loss=0.2557 val_spearman=0.5658 val_auroc=0.7118 (0.6 min)
epoch  22 loss=0.2554 val_spearman=0.5509 val_auroc=0.7058 (0.6 min)
epoch  23 loss=0.2547 val_spearman=0.5765 val_auroc=0.7091 (0.7 min)
epoch  24 loss=0.2538 val_spearman=0.5669 val_auroc=0.7100 (0.7 min)
epoch  25 loss=0.2531 val_spearman=0.5784 val_auroc=0.7129 (0.7 min)
epoch  26 loss=0.2521 val_spearman=0.5594 val_auroc=0.7018 (0.8 min)
epoch  27 loss=0.2503 val_spearman=0.5639 val_auroc=0.7102 (0.8 min)
epoch  28 loss=0.2500 val_spearman=0.5637 val_auroc=0.7083 (0.8 min)
epoch  29 loss=0.2499 val_spearman=0.5718 val_auroc=0.7090 (0.8 min)
epoch  30 loss=0.2485 val_spearman=0.5744 val_auroc=0.7109 (0.9 min)
epoch  31 loss=0.2483 val_spearman=0.5698 val_auroc=0.7078 (0.9 min)
epoch  32 loss=0.2477 val_spearman=0.5666 val_auroc=0.7086 (0.9 min)
epoch  33 loss=0.2474 val_spearman=0.5580 val_auroc=0.7045 (1.0 min)
epoch  34 loss=0.2470 val_spearman=0.5617 val_auroc=0.7086 (1.0 min)
epoch  35 loss=0.2471 val_spearman=0.5610 val_auroc=0.7077 (1.0 min)
epoch  36 loss=0.2461 val_spearman=0.5613 val_auroc=0.7077 (1.0 min)
epoch  37 loss=0.2458 val_spearman=0.5617 val_auroc=0.7076 (1.1 min)
epoch  38 loss=0.2463 val_spearman=0.5585 val_auroc=0.7069 (1.1 min)
epoch  39 loss=0.2455 val_spearman=0.5590 val_auroc=0.7076 (1.1 min)
epoch  40 loss=0.2455 val_spearman=0.5598 val_auroc=0.7075 (1.2 min)
best epoch = 6, val_spearman = 0.6013
wrote 0hzxcode/gate_v2_output/runs/ego_nbr_norml2/metrics.json, decision_metrics.json, decision_report.md
