exporting 1118 scenarios in 224 chunks, 6 parallel workers
chunk [25:30] done (1 chunks, 1.1 min elapsed)
chunk [15:20] done (2 chunks, 1.3 min elapsed)
chunk [0:5] done (3 chunks, 1.4 min elapsed)
chunk [20:25] done (4 chunks, 1.5 min elapsed)
chunk [5:10] done (5 chunks, 1.5 min elapsed)
chunk [10:15] done (6 chunks, 1.5 min elapsed)
chunk [55:60] done (7 chunks, 2.5 min elapsed)
chunk [50:55] done (8 chunks, 2.7 min elapsed)
chunk [30:35] done (9 chunks, 2.9 min elapsed)
chunk [45:50] done (10 chunks, 2.9 min elapsed)
chunk [40:45] done (11 chunks, 2.9 min elapsed)
chunk [35:40] done (12 chunks, 3.0 min elapsed)
chunk [60:65] done (13 chunks, 3.4 min elapsed)
chunk [65:70] done (14 chunks, 3.7 min elapsed)
chunk [75:80] done (15 chunks, 3.8 min elapsed)
chunk [70:75] done (16 chunks, 3.9 min elapsed)
chunk [80:85] done (17 chunks, 4.0 min elapsed)
chunk [85:90] done (18 chunks, 4.7 min elapsed)
chunk [90:95] done (19 chunks, 4.9 min elapsed)
chunk [95:100] done (20 chunks, 5.0 min elapsed)
chunk [100:105] done (21 chunks, 5.4 min elapsed)
chunk [105:110] done (22 chunks, 5.6 min elapsed)
chunk [110:115] done (23 chunks, 5.8 min elapsed)
chunk [115:120] done (24 chunks, 6.3 min elapsed)
chunk [120:125] done (25 chunks, 6.6 min elapsed)
chunk [125:130] done (26 chunks, 6.7 min elapsed)
chunk [140:145] done (27 chunks, 6.9 min elapsed)
chunk [130:135] done (28 chunks, 6.9 min elapsed)
chunk [145:150] done (29 chunks, 6.9 min elapsed)
chunk [135:140] done (30 chunks, 7.1 min elapsed)
chunk [150:155] done (31 chunks, 7.4 min elapsed)
chunk [155:160] done (32 chunks, 7.5 min elapsed)
chunk [160:165] done (33 chunks, 7.6 min elapsed)
chunk [170:175] done (34 chunks, 7.7 min elapsed)
chunk [165:170] done (35 chunks, 7.7 min elapsed)
chunk [175:180] done (36 chunks, 7.9 min elapsed)
chunk [180:185] done (37 chunks, 8.1 min elapsed)
chunk [190:195] done (38 chunks, 8.6 min elapsed)
chunk [185:190] done (39 chunks, 8.6 min elapsed)
chunk [200:205] done (40 chunks, 9.1 min elapsed)
chunk [210:215] done (41 chunks, 9.2 min elapsed)
chunk [195:200] done (42 chunks, 9.4 min elapsed)
chunk [205:210] done (43 chunks, 9.5 min elapsed)
chunk [215:220] done (44 chunks, 9.9 min elapsed)
chunk [220:225] done (45 chunks, 10.2 min elapsed)
chunk [230:235] done (46 chunks, 10.5 min elapsed)
chunk [225:230] done (47 chunks, 10.7 min elapsed)
chunk [240:245] done (48 chunks, 10.9 min elapsed)
chunk [235:240] done (49 chunks, 10.9 min elapsed)
chunk [245:250] done (50 chunks, 11.5 min elapsed)
chunk [250:255] done (51 chunks, 11.5 min elapsed)
chunk [270:275] done (52 chunks, 11.6 min elapsed)
chunk [275:280] done (53 chunks, 12.2 min elapsed)
chunk [255:260] done (54 chunks, 12.3 min elapsed)
chunk [280:285] done (55 chunks, 12.3 min elapsed)
chunk [260:265] done (56 chunks, 12.3 min elapsed)
chunk [265:270] done (57 chunks, 12.3 min elapsed)
chunk [285:290] done (58 chunks, 12.5 min elapsed)
chunk [290:295] done (59 chunks, 13.2 min elapsed)
chunk [300:305] done (60 chunks, 13.6 min elapsed)
chunk [295:300] done (61 chunks, 13.7 min elapsed)
chunk [305:310] done (62 chunks, 13.7 min elapsed)
chunk [315:320] done (63 chunks, 13.9 min elapsed)
chunk [310:315] done (64 chunks, 14.0 min elapsed)
chunk [320:325] done (65 chunks, 14.7 min elapsed)
chunk [325:330] done (66 chunks, 15.1 min elapsed)
chunk [335:340] done (67 chunks, 15.3 min elapsed)
chunk [330:335] done (68 chunks, 15.5 min elapsed)
chunk [345:350] done (69 chunks, 15.5 min elapsed)
chunk [340:345] done (70 chunks, 15.6 min elapsed)
chunk [350:355] done (71 chunks, 16.2 min elapsed)
chunk [360:365] done (72 chunks, 16.6 min elapsed)
chunk [355:360] done (73 chunks, 16.6 min elapsed)
chunk [375:380] done (74 chunks, 16.6 min elapsed)
chunk [365:370] done (75 chunks, 16.8 min elapsed)
chunk [370:375] done (76 chunks, 16.8 min elapsed)
chunk [380:385] done (77 chunks, 17.1 min elapsed)
chunk [385:390] done (78 chunks, 17.4 min elapsed)
chunk [390:395] done (79 chunks, 17.9 min elapsed)
chunk [395:400] done (80 chunks, 18.3 min elapsed)
chunk [400:405] done (81 chunks, 18.5 min elapsed)
chunk [405:410] done (82 chunks, 18.7 min elapsed)
chunk [410:415] done (83 chunks, 18.9 min elapsed)
chunk [415:420] done (84 chunks, 19.1 min elapsed)
chunk [420:425] done (85 chunks, 19.3 min elapsed)
chunk [425:430] done (86 chunks, 20.1 min elapsed)
chunk [430:435] done (87 chunks, 20.2 min elapsed)
chunk [435:440] done (88 chunks, 20.5 min elapsed)
chunk [445:450] done (89 chunks, 20.6 min elapsed)
chunk [440:445] done (90 chunks, 20.6 min elapsed)
chunk [450:455] done (91 chunks, 20.9 min elapsed)
chunk [470:475] done (92 chunks, 21.3 min elapsed)
chunk [465:470] done (93 chunks, 21.3 min elapsed)
chunk [455:460] done (94 chunks, 21.5 min elapsed)
chunk [460:465] done (95 chunks, 21.6 min elapsed)
chunk [475:480] done (96 chunks, 21.7 min elapsed)
chunk [480:485] done (97 chunks, 22.4 min elapsed)
chunk [490:495] done (98 chunks, 22.7 min elapsed)
chunk [485:490] done (99 chunks, 22.9 min elapsed)
chunk [505:510] done (100 chunks, 23.0 min elapsed)
chunk [495:500] done (101 chunks, 23.1 min elapsed)
chunk [500:505] done (102 chunks, 23.2 min elapsed)
chunk [520:525] done (103 chunks, 23.7 min elapsed)
chunk [530:535] done (104 chunks, 23.9 min elapsed)
chunk [515:520] done (105 chunks, 23.9 min elapsed)
chunk [525:530] done (106 chunks, 23.9 min elapsed)
chunk [510:515] done (107 chunks, 24.1 min elapsed)
chunk [535:540] done (108 chunks, 24.1 min elapsed)
chunk [540:545] done (109 chunks, 24.6 min elapsed)
chunk [550:555] done (110 chunks, 24.7 min elapsed)
chunk [545:550] done (111 chunks, 24.7 min elapsed)
chunk [555:560] done (112 chunks, 24.8 min elapsed)
chunk [560:565] done (113 chunks, 24.9 min elapsed)
chunk [565:570] done (114 chunks, 25.1 min elapsed)
chunk [570:575] done (115 chunks, 25.6 min elapsed)
chunk [575:580] done (116 chunks, 25.7 min elapsed)
chunk [580:585] done (117 chunks, 26.3 min elapsed)
chunk [595:600] done (118 chunks, 26.3 min elapsed)
chunk [585:590] done (119 chunks, 26.4 min elapsed)
chunk [590:595] done (120 chunks, 26.4 min elapsed)
chunk [600:605] done (121 chunks, 27.2 min elapsed)
chunk [620:625] done (122 chunks, 27.2 min elapsed)
chunk [625:630] done (123 chunks, 27.3 min elapsed)
chunk [605:610] done (124 chunks, 27.5 min elapsed)
chunk [615:620] done (125 chunks, 27.6 min elapsed)
chunk [610:615] done (126 chunks, 27.7 min elapsed)
chunk [630:635] done (127 chunks, 28.0 min elapsed)
chunk [635:640] done (128 chunks, 28.1 min elapsed)
chunk [640:645] done (129 chunks, 28.2 min elapsed)
chunk [645:650] done (130 chunks, 28.3 min elapsed)
chunk [650:655] done (131 chunks, 28.4 min elapsed)
chunk [655:660] done (132 chunks, 28.6 min elapsed)
chunk [660:665] done (133 chunks, 29.0 min elapsed)
chunk [665:670] done (134 chunks, 29.1 min elapsed)
chunk [670:675] done (135 chunks, 29.1 min elapsed)
chunk [675:680] done (136 chunks, 29.8 min elapsed)
chunk [680:685] done (137 chunks, 29.9 min elapsed)
chunk [685:690] done (138 chunks, 30.3 min elapsed)
chunk [695:700] done (139 chunks, 30.6 min elapsed)
chunk [690:695] done (140 chunks, 30.7 min elapsed)
chunk [700:705] done (141 chunks, 30.9 min elapsed)
chunk [710:715] done (142 chunks, 31.5 min elapsed)
chunk [705:710] done (143 chunks, 31.5 min elapsed)
chunk [715:720] done (144 chunks, 32.0 min elapsed)
chunk [720:725] done (145 chunks, 32.3 min elapsed)
chunk [730:735] done (146 chunks, 32.5 min elapsed)
chunk [725:730] done (147 chunks, 32.5 min elapsed)
chunk [740:745] done (148 chunks, 33.2 min elapsed)
chunk [735:740] done (149 chunks, 33.4 min elapsed)
chunk [755:760] done (150 chunks, 33.4 min elapsed)
chunk [745:750] done (151 chunks, 33.6 min elapsed)
chunk [760:765] done (152 chunks, 33.6 min elapsed)
chunk [750:755] done (153 chunks, 33.7 min elapsed)
chunk [765:770] done (154 chunks, 34.2 min elapsed)
chunk [770:775] done (155 chunks, 34.4 min elapsed)
chunk [775:780] done (156 chunks, 35.0 min elapsed)
chunk [780:785] done (157 chunks, 35.2 min elapsed)
chunk [790:795] done (158 chunks, 35.3 min elapsed)
chunk [785:790] done (159 chunks, 35.4 min elapsed)
chunk [795:800] done (160 chunks, 35.8 min elapsed)
chunk [800:805] done (161 chunks, 36.2 min elapsed)
chunk [820:825] done (162 chunks, 36.6 min elapsed)
chunk [805:810] done (163 chunks, 36.6 min elapsed)
chunk [815:820] done (164 chunks, 36.8 min elapsed)
chunk [810:815] done (165 chunks, 36.8 min elapsed)
chunk [825:830] done (166 chunks, 37.5 min elapsed)
chunk [830:835] done (167 chunks, 37.6 min elapsed)
chunk [840:845] done (168 chunks, 38.0 min elapsed)
chunk [845:850] done (169 chunks, 38.4 min elapsed)
chunk [835:840] done (170 chunks, 38.4 min elapsed)
chunk [850:855] done (171 chunks, 38.6 min elapsed)
chunk [855:860] done (172 chunks, 39.0 min elapsed)
chunk [860:865] done (173 chunks, 39.3 min elapsed)
chunk [865:870] done (174 chunks, 39.5 min elapsed)
chunk [870:875] done (175 chunks, 39.6 min elapsed)
chunk [875:880] done (176 chunks, 39.7 min elapsed)
chunk [880:885] done (177 chunks, 40.2 min elapsed)
chunk [885:890] done (178 chunks, 40.6 min elapsed)
chunk [890:895] done (179 chunks, 40.8 min elapsed)
chunk [895:900] done (180 chunks, 41.0 min elapsed)
chunk [900:905] done (181 chunks, 41.0 min elapsed)
chunk [905:910] done (182 chunks, 41.5 min elapsed)
chunk [910:915] done (183 chunks, 41.7 min elapsed)
chunk [915:920] done (184 chunks, 42.2 min elapsed)
chunk [920:925] done (185 chunks, 42.3 min elapsed)
chunk [925:930] done (186 chunks, 42.5 min elapsed)
chunk [930:935] done (187 chunks, 42.7 min elapsed)
chunk [935:940] done (188 chunks, 43.4 min elapsed)
chunk [940:945] done (189 chunks, 43.5 min elapsed)
chunk [960:965] done (190 chunks, 43.8 min elapsed)
chunk [945:950] done (191 chunks, 43.9 min elapsed)
chunk [950:955] done (192 chunks, 43.9 min elapsed)
chunk [955:960] done (193 chunks, 44.3 min elapsed)
chunk [965:970] done (194 chunks, 44.7 min elapsed)
chunk [975:980] done (195 chunks, 44.9 min elapsed)
chunk [970:975] done (196 chunks, 45.0 min elapsed)
chunk [980:985] done (197 chunks, 45.0 min elapsed)
chunk [985:990] done (198 chunks, 45.0 min elapsed)
chunk [990:995] done (199 chunks, 45.6 min elapsed)
chunk [995:1000] done (200 chunks, 46.0 min elapsed)
chunk [1015:1020] done (201 chunks, 46.1 min elapsed)
chunk [1005:1010] done (202 chunks, 46.1 min elapsed)
chunk [1010:1015] done (203 chunks, 46.4 min elapsed)
chunk [1000:1005] done (204 chunks, 46.4 min elapsed)
chunk [1020:1025] done (205 chunks, 46.6 min elapsed)
chunk [1025:1030] done (206 chunks, 47.2 min elapsed)
chunk [1035:1040] done (207 chunks, 47.2 min elapsed)
chunk [1030:1035] done (208 chunks, 47.3 min elapsed)
chunk [1040:1045] done (209 chunks, 47.6 min elapsed)
chunk [1045:1050] done (210 chunks, 47.7 min elapsed)
chunk [1050:1055] done (211 chunks, 47.7 min elapsed)
chunk [1055:1060] done (212 chunks, 48.6 min elapsed)
chunk [1065:1070] done (213 chunks, 48.8 min elapsed)
chunk [1060:1065] done (214 chunks, 48.8 min elapsed)
chunk [1075:1080] done (215 chunks, 49.3 min elapsed)
chunk [1070:1075] done (216 chunks, 49.4 min elapsed)
chunk [1080:1085] done (217 chunks, 49.5 min elapsed)
chunk [1095:1100] done (218 chunks, 50.2 min elapsed)
chunk [1090:1095] done (219 chunks, 50.2 min elapsed)
chunk [1085:1090] done (220 chunks, 50.4 min elapsed)
chunk [1100:1105] done (221 chunks, 50.4 min elapsed)
chunk [1110:1115] done (222 chunks, 50.6 min elapsed)
chunk [1105:1110] done (223 chunks, 50.8 min elapsed)
chunk [1115:1118] done (224 chunks, 50.8 min elapsed)
{
  "labels_csv": "/home/ubuntu/code/hezexiang/Diffusion-Planner/0hzxcode/m_probe_output/d_labels.csv",
  "output_dir": "/home/ubuntu/code/hezexiang/Diffusion-Planner/0hzxcode/gate_output/gate_dataset_chunks",
  "source": "closed-loop simulation logs (log_file column of labels csv)",
  "history_size": 21,
  "chunk_size_scenarios": 5,
  "max_parallel": 6,
  "input_scenarios": 1118,
  "chunks_done": 224,
  "rows_exported": 144446,
  "failed_units": [],
  "elapsed_min": 50.8
}
