loaded 144446 rows from 224 chunks, 1118 scenarios
redundancy downsample: train 101036 -> 89001
hard_threshold(P90)=2.650 m, level_edges=[0.525, 1.62, 4.062] m
train level 分布: [44500, 26700, 13350, 4451]
enabled groups: ['ego_history', 'neighbor_agents', 'route_lanes', 'lanes', 'static_objects', 'prev_d']
gate parameters: 0.241 M
epoch   1 loss=1.4322 val_spearman=0.7067 val_auroc=0.8048 val_acc=0.5438 (0.1 min)
epoch   2 loss=1.3930 val_spearman=0.7080 val_auroc=0.8078 val_acc=0.5412 (0.2 min)
epoch   3 loss=1.3817 val_spearman=0.7059 val_auroc=0.8086 val_acc=0.5376 (0.3 min)
epoch   4 loss=1.3720 val_spearman=0.7084 val_auroc=0.8102 val_acc=0.5325 (0.4 min)
epoch   5 loss=1.3650 val_spearman=0.7082 val_auroc=0.8151 val_acc=0.5285 (0.4 min)
epoch   6 loss=1.3521 val_spearman=0.7110 val_auroc=0.8135 val_acc=0.5131 (0.5 min)
epoch   7 loss=1.3432 val_spearman=0.6957 val_auroc=0.8124 val_acc=0.5232 (0.6 min)
epoch   8 loss=1.3416 val_spearman=0.7063 val_auroc=0.8122 val_acc=0.5304 (0.7 min)
epoch   9 loss=1.3353 val_spearman=0.6990 val_auroc=0.8075 val_acc=0.5208 (0.8 min)
epoch  10 loss=1.3288 val_spearman=0.6926 val_auroc=0.8046 val_acc=0.5189 (0.9 min)
epoch  11 loss=1.3238 val_spearman=0.7027 val_auroc=0.8114 val_acc=0.5341 (1.0 min)
epoch  12 loss=1.3162 val_spearman=0.7007 val_auroc=0.8067 val_acc=0.5256 (1.1 min)
epoch  13 loss=1.3157 val_spearman=0.7055 val_auroc=0.8107 val_acc=0.5102 (1.2 min)
epoch  14 loss=1.3083 val_spearman=0.6977 val_auroc=0.8119 val_acc=0.4915 (1.3 min)
epoch  15 loss=1.2993 val_spearman=0.6984 val_auroc=0.8086 val_acc=0.5100 (1.4 min)
epoch  16 loss=1.2954 val_spearman=0.7035 val_auroc=0.8102 val_acc=0.5019 (1.5 min)
epoch  17 loss=1.2900 val_spearman=0.6997 val_auroc=0.8122 val_acc=0.5073 (1.5 min)
epoch  18 loss=1.2864 val_spearman=0.7022 val_auroc=0.8117 val_acc=0.5256 (1.6 min)
epoch  19 loss=1.2795 val_spearman=0.7045 val_auroc=0.8144 val_acc=0.5088 (1.7 min)
epoch  20 loss=1.2773 val_spearman=0.7053 val_auroc=0.8100 val_acc=0.4883 (1.8 min)
epoch  21 loss=1.2728 val_spearman=0.6994 val_auroc=0.8132 val_acc=0.5072 (1.9 min)
epoch  22 loss=1.2671 val_spearman=0.6951 val_auroc=0.8106 val_acc=0.4851 (2.0 min)
epoch  23 loss=1.2609 val_spearman=0.6998 val_auroc=0.8073 val_acc=0.5104 (2.1 min)
epoch  24 loss=1.2590 val_spearman=0.6925 val_auroc=0.8070 val_acc=0.5005 (2.2 min)
epoch  25 loss=1.2518 val_spearman=0.6971 val_auroc=0.8084 val_acc=0.5194 (2.3 min)
epoch  26 loss=1.2505 val_spearman=0.6922 val_auroc=0.8057 val_acc=0.5160 (2.4 min)
epoch  27 loss=1.2450 val_spearman=0.6999 val_auroc=0.8088 val_acc=0.5120 (2.5 min)
epoch  28 loss=1.2372 val_spearman=0.6965 val_auroc=0.8085 val_acc=0.4935 (2.6 min)
epoch  29 loss=1.2349 val_spearman=0.6994 val_auroc=0.8083 val_acc=0.5115 (2.6 min)
epoch  30 loss=1.2322 val_spearman=0.6978 val_auroc=0.8079 val_acc=0.5144 (2.7 min)
epoch  31 loss=1.2286 val_spearman=0.6923 val_auroc=0.8040 val_acc=0.5043 (2.8 min)
epoch  32 loss=1.2258 val_spearman=0.6935 val_auroc=0.8072 val_acc=0.5083 (2.9 min)
epoch  33 loss=1.2245 val_spearman=0.6932 val_auroc=0.8055 val_acc=0.5126 (3.0 min)
epoch  34 loss=1.2205 val_spearman=0.6946 val_auroc=0.8079 val_acc=0.5064 (3.1 min)
epoch  35 loss=1.2207 val_spearman=0.6942 val_auroc=0.8064 val_acc=0.5070 (3.2 min)
epoch  36 loss=1.2186 val_spearman=0.6932 val_auroc=0.8057 val_acc=0.5058 (3.3 min)
epoch  37 loss=1.2175 val_spearman=0.6934 val_auroc=0.8060 val_acc=0.5068 (3.4 min)
epoch  38 loss=1.2174 val_spearman=0.6936 val_auroc=0.8061 val_acc=0.5058 (3.5 min)
epoch  39 loss=1.2159 val_spearman=0.6933 val_auroc=0.8059 val_acc=0.5076 (3.5 min)
epoch  40 loss=1.2143 val_spearman=0.6938 val_auroc=0.8058 val_acc=0.5086 (3.6 min)
best epoch = 6, val_spearman = 0.7110
wrote: 0hzxcode/gate_output/runs/all_plus_prevd/metrics.json, importance_report.md, plots
