loaded 144446 rows from 224 chunks, 1118 scenarios
redundancy downsample: train 101036 -> 89001
hard_threshold(P90)=2.650 m, level_edges=[0.525, 1.62, 4.062] m
train level 分布: [44500, 26700, 13350, 4451]
enabled groups: ['ego_history']
gate parameters: 0.038 M
epoch   1 loss=1.6104 val_spearman=0.5751 val_auroc=0.6514 val_acc=0.4822 (0.1 min)
epoch   2 loss=1.5916 val_spearman=0.5657 val_auroc=0.6413 val_acc=0.4443 (0.3 min)
epoch   3 loss=1.5834 val_spearman=0.5621 val_auroc=0.6382 val_acc=0.5156 (0.4 min)
epoch   4 loss=1.5803 val_spearman=0.5773 val_auroc=0.6528 val_acc=0.4911 (0.6 min)
epoch   5 loss=1.5769 val_spearman=0.5876 val_auroc=0.6586 val_acc=0.4792 (0.7 min)
epoch   6 loss=1.5733 val_spearman=0.5801 val_auroc=0.6545 val_acc=0.4792 (0.9 min)
epoch   7 loss=1.5690 val_spearman=0.5829 val_auroc=0.6520 val_acc=0.4719 (1.0 min)
epoch   8 loss=1.5686 val_spearman=0.5918 val_auroc=0.6583 val_acc=0.4787 (1.2 min)
epoch   9 loss=1.5636 val_spearman=0.5875 val_auroc=0.6585 val_acc=0.5034 (1.3 min)
epoch  10 loss=1.5630 val_spearman=0.5822 val_auroc=0.6516 val_acc=0.4841 (1.5 min)
epoch  11 loss=1.5597 val_spearman=0.5834 val_auroc=0.6565 val_acc=0.4726 (1.6 min)
epoch  12 loss=1.5577 val_spearman=0.5933 val_auroc=0.6632 val_acc=0.4786 (1.8 min)
epoch  13 loss=1.5539 val_spearman=0.5870 val_auroc=0.6587 val_acc=0.4985 (1.9 min)
epoch  14 loss=1.5527 val_spearman=0.5857 val_auroc=0.6607 val_acc=0.4614 (2.0 min)
epoch  15 loss=1.5512 val_spearman=0.5984 val_auroc=0.6682 val_acc=0.4856 (2.2 min)
epoch  16 loss=1.5507 val_spearman=0.5979 val_auroc=0.6679 val_acc=0.4983 (2.3 min)
epoch  17 loss=1.5482 val_spearman=0.6018 val_auroc=0.6698 val_acc=0.4808 (2.4 min)
epoch  18 loss=1.5456 val_spearman=0.5974 val_auroc=0.6682 val_acc=0.4866 (2.6 min)
epoch  19 loss=1.5414 val_spearman=0.5988 val_auroc=0.6715 val_acc=0.4738 (2.6 min)
epoch  20 loss=1.5375 val_spearman=0.6030 val_auroc=0.6693 val_acc=0.4767 (2.7 min)
epoch  21 loss=1.5358 val_spearman=0.6046 val_auroc=0.6741 val_acc=0.4748 (2.8 min)
epoch  22 loss=1.5312 val_spearman=0.5988 val_auroc=0.6697 val_acc=0.4760 (2.9 min)
epoch  23 loss=1.5295 val_spearman=0.6088 val_auroc=0.6769 val_acc=0.4712 (3.0 min)
epoch  24 loss=1.5276 val_spearman=0.6041 val_auroc=0.6785 val_acc=0.4700 (3.1 min)
epoch  25 loss=1.5274 val_spearman=0.6057 val_auroc=0.6776 val_acc=0.4711 (3.1 min)
epoch  26 loss=1.5230 val_spearman=0.6062 val_auroc=0.6794 val_acc=0.4753 (3.2 min)
epoch  27 loss=1.5217 val_spearman=0.6058 val_auroc=0.6784 val_acc=0.4675 (3.3 min)
epoch  28 loss=1.5173 val_spearman=0.6079 val_auroc=0.6807 val_acc=0.4732 (3.4 min)
epoch  29 loss=1.5126 val_spearman=0.6102 val_auroc=0.6862 val_acc=0.4658 (3.5 min)
epoch  30 loss=1.5129 val_spearman=0.6117 val_auroc=0.6854 val_acc=0.4542 (3.6 min)
epoch  31 loss=1.5118 val_spearman=0.6098 val_auroc=0.6843 val_acc=0.4722 (3.6 min)
epoch  32 loss=1.5095 val_spearman=0.6120 val_auroc=0.6831 val_acc=0.4755 (3.7 min)
epoch  33 loss=1.5087 val_spearman=0.6111 val_auroc=0.6820 val_acc=0.4740 (3.8 min)
epoch  34 loss=1.5060 val_spearman=0.6130 val_auroc=0.6867 val_acc=0.4711 (3.9 min)
epoch  35 loss=1.5032 val_spearman=0.6147 val_auroc=0.6872 val_acc=0.4711 (4.0 min)
epoch  36 loss=1.5010 val_spearman=0.6147 val_auroc=0.6879 val_acc=0.4724 (4.1 min)
epoch  37 loss=1.5005 val_spearman=0.6155 val_auroc=0.6898 val_acc=0.4714 (4.2 min)
epoch  38 loss=1.5014 val_spearman=0.6153 val_auroc=0.6893 val_acc=0.4733 (4.2 min)
epoch  39 loss=1.4996 val_spearman=0.6155 val_auroc=0.6893 val_acc=0.4714 (4.3 min)
epoch  40 loss=1.5009 val_spearman=0.6158 val_auroc=0.6901 val_acc=0.4716 (4.4 min)
best epoch = 40, val_spearman = 0.6158
wrote: 0hzxcode/gate_output/runs/ego_only/metrics.json, importance_report.md, plots
